// Jest Snapshot v1, https://goo.gl/fbAQLP

exports[`internal-call-check when request not includes valid secret should response not authorized to user 1`] = `
{
  "end": [
    [],
  ],
  "json": [
    [
      {
        "message": "you are not allowed",
      },
    ],
  ],
  "status": [
    [
      401,
    ],
  ],
}
`;
